.next/types/validator.ts(341,39): error TS2307: Cannot find module '../../src/app/(keyword)/search/page.js' or its corresponding type declarations.
